   Compiling firnc v0.1.0 (/root/firn-dnspic/compiler)
warning: unused import: `ATE_ADDRESS`
   --> src/dwarf_info.rs:728:24
    |
728 | pub use crate::dwarf::{ATE_ADDRESS, ATE_BOOLEAN, ATE_FLOAT, ATE_SIGNED, ATE_UNSIGNED};
    |                        ^^^^^^^^^^^
    |
    = note: `#[warn(unused_imports)]` (part of `#[warn(unused)]`) on by default

warning: unused import: `Op`
    --> src/iface.rs:1399:27
     |
1399 |     use crate::fir::{FTy, Op};
     |                           ^^

warning: unused variable: `full`
   --> src/impls.rs:650:9
    |
650 |     let full = hit.clone().unwrap_or_else(|| fn_name(&prefix, &method));
    |         ^^^^ help: if this is intentional, prefix it with an underscore: `_full`
    |
    = note: `#[warn(unused_variables)]` (part of `#[warn(unused)]`) on by default

warning: unused variable: `label`
   --> src/panic_rt.rs:545:9
    |
545 |     let label = intern(msg);
    |         ^^^^^ help: if this is intentional, prefix it with an underscore: `_label`

warning: unused variable: `site_label`
   --> src/panic_rt.rs:547:9
    |
547 |     let site_label = format!(".Lchksite{}", uid);
    |         ^^^^^^^^^^ help: if this is intentional, prefix it with an underscore: `_site_label`

warning: value assigned to `ok` is never read
    --> src/regalloc.rs:1519:26
     |
1519 |             let mut ok = false;
     |                          ^^^^^ this value is reassigned later and never used
...
1569 |                 ok = found + in_term == needs && in_term > 0;
     |                 -------------------------------------------- `ok` is overwritten here before the previous value is read
     |
     = note: `#[warn(unused_assignments)]` (part of `#[warn(unused)]`) on by default

warning: variable does not need to be mutable
   --> src/simd.rs:568:9
    |
568 |     let mut note = |v: Val, b: BlockId, i: u32, home: &mut Vec<(u32, u32)>, seen: &mut Vec<i64>| {
    |         ----^^^^
    |         |
    |         help: remove this `mut`
    |
    = note: `#[warn(unused_mut)]` (part of `#[warn(unused)]`) on by default

warning: field `outgoing` is never read
   --> src/codegen_a64.rs:162:5
    |
154 | pub(crate) struct Frame {
    |                   ----- field in this struct
...
162 |     outgoing: u64,
    |     ^^^^^^^^
    |
    = note: `#[warn(dead_code)]` (part of `#[warn(unused)]`) on by default

warning: method `cold_line` is never used
   --> src/codegen_x86.rs:212:19
    |
165 | impl Emitter {
    | ------------ method in this implementation
...
212 |     pub(crate) fn cold_line(&mut self, s: &str) {
    |                   ^^^^^^^^^

warning: associated function `new` is never used
  --> src/diag.rs:35:12
   |
34 | impl Span {
   | --------- associated function in this implementation
35 |     pub fn new(line: u32, col: u32, len: u32) -> Span {
   |            ^^^

warning: constant `ATE_ADDRESS` is never used
  --> src/dwarf.rs:62:11
   |
62 | pub const ATE_ADDRESS: u8 = 0x01;
   |           ^^^^^^^^^^^

warning: field `text` is never read
   --> src/lsp.rs:318:9
    |
317 | pub struct Analysis {
    |            -------- field in this struct
318 |     pub text: String,
    |         ^^^^

warning: method `negate` is never used
   --> src/fir.rs:195:12
    |
181 | impl CmpOp {
    | ---------- method in this implementation
...
195 |     pub fn negate(self) -> CmpOp {
    |            ^^^^^^

warning: method `phi_value` is never used
   --> src/fir.rs:563:12
    |
400 | impl Op {
    | ------- method in this implementation
...
563 |     pub fn phi_value(&self, pred: BlockId) -> Option<Val> {
    |            ^^^^^^^^^

warning: field `sidx` is never read
   --> src/fnval.rs:142:16
    |
136 | pub(crate) struct ClosureInfo {
    |                   ----------- field in this struct
...
142 |     pub(crate) sidx: usize,
    |                ^^^^
    |
    = note: `ClosureInfo` has derived impls for the traits `Debug` and `Clone`, but these are intentionally ignored during dead code analysis

warning: function `promote_single_store` is never used
   --> src/mem2reg.rs:331:15
    |
331 | pub(crate) fn promote_single_store(f: &mut Func) -> usize {
    |               ^^^^^^^^^^^^^^^^^^^^

warning: field `rpo` is never read
   --> src/mem2reg.rs:442:9
    |
440 | pub(crate) struct DomTree {
    |                   ------- field in this struct
441 |     pub idom: Vec<u32>,
442 |     pub rpo: Vec<usize>,
    |         ^^^

warning: field `ran` is never read
   --> src/opt.rs:395:5
    |
387 | struct Fix {
    |        --- field in this struct
...
395 |     ran: usize,
    |     ^^^

warning: function `reset` is never used
   --> src/panic_rt.rs:108:8
    |
108 | pub fn reset() {
    |        ^^^^^

warning: constant `POOL` is never used
   --> src/regalloc.rs:138:7
    |
138 | const POOL: [&str; 12] = [
    |       ^^^^

warning: associated items `from_bools` and `get` are never used
   --> src/regalloc.rs:593:8
    |
589 | impl Bits {
    | --------- associated items in this implementation
...
593 |     fn from_bools(b: &[bool]) -> Bits {
    |        ^^^^^^^^^^
...
608 |     fn get(&self, i: usize) -> bool {
    |        ^^^

warning: function `names` is never used
   --> src/simd.rs:283:8
    |
283 | pub fn names() -> Vec<&'static str> {
    |        ^^^^^

warning: function `is_static` is never used
   --> src/statics.rs:120:8
    |
120 | pub fn is_static(name: &str) -> bool {
    |        ^^^^^^^^^

warning: method `fn_sig` is never used
  --> src/types.rs:90:12
   |
64 | impl Type {
   | --------- method in this implementation
...
90 |     pub fn fn_sig(&self) -> Option<(&[Type], &Type)> {
   |            ^^^^^^

