== 1. build firnfmt ==
   firnc0 : /tmp/tmp.zFBpPpQ5oG/firnfmt  (42600 octets)
   firnc1 : /tmp/tmp.zFBpPpQ5oG/firnfmt1  (128712 octets)

== 2. the whole tree: tokens, syntax tree, idempotence ==
   files formatted:        864  (of them changed by the shape: 1)
   refused (deliberately broken): 8
   token stream differs:   0
   syntax tree differs:    0  (out of 744 comparable files)
   second run differs:     0

== 3. the tree in the repository is in canonical shape ==
   out of shape: 1
   refused:      8
     demos/hub/json/test/main.fi is not formatted
  FAIL  the tree is not formatted (run: firnfmt -w)

== 4. random test: blanks scrambled, shape has to stay ==
   scrambled cases:        120
   shape differs:          0
   syntax tree differs:    0  (out of 105 comparable cases)

== 5. the pinned cases (tools/fmt/cases/) ==
   cases: 4 / 4

== 6. counter-checks ==
   broken sources refused: 3 / 10   (the rest still broken: 7)
   -c strikes on an unformatted file: yes
   -c quiet on the formatted file:      yes

FMT: 1 checks failed
