== package and project system (round 48) ==
  firnc0 builds demos/packages/app                          ok
  firnc1 builds demos/packages/app                          ok
  --package without -o names after the manifest             ok
  --package-info is the same in both compilers              ok
  a private module of a dependency is rejected              ok
  a package without 'needs' is rejected                     ok
  a package cycle is reported                               ok
  a dependency without a manifest is reported               ok
  wrong package name in the dependency                      ok
  invalid version in the manifest                           ok
  unknown key in the manifest                               ok
  manifest without a 'package' line                         ok
  two modules of the same name are reported                 ok
  a library without 'start' cannot be built                 ok
  a directory without a manifest is reported                ok
  inside a package there is no barrier                      ok
  without a manifest the resolution of round 47 stays       ok
  the project source wins over a module of the same name in a dependencyok
  the manifest is found upwards even without --package      ok
  a second 'source' directory is searched                   ok
  --package together with a source file is rejected         ok
  --lock writes the same firn.lock in both compilers        ok
  the checksums are the ones of coreutils' sha256sum        ok
  --locked builds when the lock file fits                   ok
  --locked refuses a changed source file                    ok
  and the message names the line and both checksums         ok
  --locked without a lock file is an error                  ok
  a lock file edited by hand is caught                      ok
  --locked without --package is rejected                    ok
  --lock without --package is rejected                      ok
  a version wish that is met changes nothing                ok
  --package-info shows the version wish, in both compilers  ok
  a version wish that is not met is an error                ok
  the same package out of two directories is an error       ok
  of two versions the higher one wins, in both compilers    ok
  and a wish the winner cannot meet is a conflict           ok
  a broken version in 'needs' is reported                   ok
  a fifth word in 'needs' is reported                       ok
  the checked in firn.lock of demos/packages/app still fits ok

PACKAGES: 39 passed, 0 failed
EXIT=0
