== 1. translate and look at the sections ==
   3 debug sections in /tmp/tmp.J1s1ME7iMY/demo

== 2. .debug_info read back ==
   8 variables, 3 parameters, 3 functions

== 3. gdb over docs/gdb_example.fi ==

== 4. gdb over tools/dwarf/probe.fi: struct, pointer, array ==

== 5. the values are the ones the program computes ==
   probe.fi -> 38, gdb_example.fi -> 55

== 6. counter-checks ==
   optimized build: 0 variables (has to be 0)

== 7. ROUND 94: the line table does not lie ==
   dev: the check at 0x401072 is line 23, the panic message says 23, 10 lines covered
   dev-fast: the check at 0x40102b is line 23, the panic message says 23, 7 lines covered
   release-safe: the check at 0x40102b is line 23, the panic message says 23, 5 lines covered
   release-fast: no check (unchecked arithmetic), but line 23 of the embedded callee stands in main, 5 lines covered
   the panic arm at 0x401035 is line 23 as well

== 8. ROUND 94: the four build levels, and what each of them still knows ==
   lines covered: dev=10 dev-fast=7 release-safe=5 release-fast=5

DWARF: 63 passed, 0 failed
EXIT=0
